logic__276: 
datapath__17: 
datapath__9: 
muxpart__35: 
case__29: 
fp4_to_fp8_converter: 
logic__50: 
datapath__39: 
dsp48e1__2: 
logic__37: 
reg__10: 
muxpart__2: 
case__62: 
complex_fp4_to_fp8: 
datapath__14: 
case__54: 
muxpart__10: 
fp8_add_sub: 
case__108: 
muxpart__13: 
reg__7: 
logic__82: 
case__97: 
logic__11: 
case__2: 
logic__212: 
logic__193: 
logic__124: 
dit_fft_agu_variable: 
logic__206: 
dsp48e1__1: 
counter: 
reg__6: 
case__13: 
logic__22: 
case__55: 
case__19: 
case__63: 
logic__121: 
dsp48e1__3: 
case__99: 
datapath__18: 
case__57: 
case__65: 
logic__219: 
case__26: 
logic__104: 
logic__41: 
muxpart__4: 
muxpart__12: 
logic__99: 
logic__213: 
logic__280: 
case__92: 
logic__111: 
case__9: 
case__15: 
datapath__12: 
logic__51: 
case__48: 
logic__136: 
case__21: 
datapath__21: 
case__101: 
case__1: 
datapath__6: 
logic__52: 
logic__80: 
reg__5: 
logic__71: 
logic__159: 
datapath__4: 
addsub: 
fp8_cmul: 
datapath__25: 
extram: 
fft_16_sol3_gen1_top: 
case__58: 
logic__15: 
case__32: 
logic__275: 
case__109: 
datapath__28: 
reg__16: 
case__11: 
case__6: 
logic__288: 
datapath__41: 
logic__38: 
twiddle_factor_unified: 
logic__226: 
logic__160: 
reg__18: 
logic__207: 
logic__203: 
logic__285: 
case__115: 
datapath__40: 
logic__173: 
muxpart__8: 
datapath__7: 
logic__58: 
logic__16: 
fp4_complex_add_sub: 
reg__9: 
case__116: 
logic__158: 
case__91: 
case__52: 
logic__26: 
datapath__13: 
logic__161: 
logic__53: 
case__8: 
datapath__33: 
muxpart__3: 
bit_reverse: 
case__35: 
logic__119: 
fp4_cmul: 
case__16: 
case__17: 
logic__69: 
case__64: 
case__18: 
muxpart__6: 
datapath__31: 
case__37: 
datapath__11: 
reg__15: 
case__56: 
datapath__23: 
datapath__3: 
logic__42: 
reg__2: 
fp8_to_fp4_converter: 
reg__20: 
logic__70: 
logic__225: 
dsp48e1: 
datapath__15: 
datapath__5: 
case__96: 
logic__25: 
logic: 
datapath__43: 
logic__106: 
logic__187: 
case__110: 
logic__105: 
case__39: 
butterfly_wrapper: 
datapath__1: 
case__25: 
datapath__20: 
logic__154: 
pla: 
fp4_mul: 
case__60: 
logic__101: 
case__117: 
logic__49: 
case__20: 
logic__76: 
logic__128: 
reg__11: 
case__14: 
case__102: 
logic__218: 
datapath__22: 
case__41: 
datapath__26: 
fp4_add_sub: 
datapath__8: 
case__51: 
reg: 
case__50: 
case__43: 
case__22: 
logic__27: 
case__45: 
case__12: 
case__95: 
fp8_butterfly_generation_unit: 
case__42: 
case__104: 
case__66: 
logic__57: 
reg__19: 
butterfly_wrapper__parameterized0: 
datapath__27: 
case__46: 
case__90: 
case__49: 
case__5: 
case__103: 
case__59: 
logic__81: 
case__107: 
logic__153: 
muxpart: 
datapath__42: 
case__112: 
logic__184: 
case__61: 
logic__182: 
muxpart__9: 
case__34: 
datapath__35: 
case__40: 
case__36: 
case__24: 
mixed_memory_unified: 
case__28: 
datapath__19: 
reg__14: 
reg__17: 
logic__155: 
datapath__16: 
case__27: 
muxpart__5: 
logic__277: 
case__105: 
case__93: 
datapath__38: 
logic__32: 
muxpart__11: 
logic__181: 
datapath__36: 
case__31: 
logic__188: 
datapath__34: 
case__44: 
logic__272: 
case__33: 
case__53: 
extram__1: 
logic__100: 
case__98: 
case__67: 
case__111: 
logic__217: 
muxpart__7: 
logic__43: 
datapath__32: 
fp4_butterfly_generation_unit: 
reg__3: 
reg__1: 
logic__172: 
case__118: 
case__114: 
logic__222: 
logic__142: 
case__106: 
logic__176: 
datapath__24: 
complex_fp8_to_fp4: 
logic__33: 
case__4: 
logic__199: 
logic__127: 
datapath: 
logic__17: 
logic__164: 
case__38: 
case__47: 
case__10: 
logic__21: 
reg__4: 
case__113: 
logic__120: 
reg__8: 
logic__293: 
datapath__10: 
datapath__2: 
logic__196: 
case__7: 
case__23: 
logic__12: 
datapath__29: 
case__94: 
muxpart__1: 
datapath__30: 
muxpart__14: 
logic__210: 
datapath__37: 
fp8_complex_add_sub: 
fp8_mul: 
fft_16_sol3_gen1_core: 
case__3: 
case: 
case__30: 
logic__36: 
