case__93: 
butterfly_wrapper__parameterized1: 
logic__176: 
logic__59: 
case__60: 
case__59: 
datapath__12: 
logic__167: 
reg__17: 
case__39: 
case__115: 
fp8_mul: 
case__24: 
case__11: 
case__105: 
case__44: 
case__7: 
case__114: 
dsp48e1__2: 
logic__26: 
case__38: 
dsp48e1: 
fp4_butterfly_generation_unit: 
case__101: 
case__90: 
logic__164: 
case__40: 
logic__11: 
logic: 
datapath__5: 
logic__155: 
logic__27: 
case__30: 
logic__28: 
logic__45: 
logic__103: 
reg__5: 
datapath__18: 
case__98: 
logic__202: 
case__42: 
logic__209: 
muxpart__13: 
logic__129: 
logic__212: 
logic__203: 
dsp48e1__3: 
datapath__28: 
pla: 
logic__35: 
datapath__1: 
logic__52: 
logic__82: 
case__109: 
logic__144: 
logic__227: 
case__32: 
datapath__43: 
case__5: 
logic__274: 
case__61: 
case__26: 
reg__3: 
logic__83: 
case__103: 
logic__224: 
case__14: 
datapath__27: 
logic__179: 
dit_fft_agu_variable: 
case__1: 
case__100: 
case__43: 
logic__60: 
reg: 
muxpart__2: 
datapath__26: 
case__58: 
muxpart__9: 
fp4_to_fp8_converter: 
muxpart__14: 
datapath__35: 
fft_1024_sol29_gen14_core: 
logic__206: 
case__108: 
case__57: 
datapath__10: 
muxpart__5: 
logic__195: 
datapath__42: 
logic__170: 
reg__7: 
case__52: 
reg__11: 
logic__108: 
case__62: 
datapath__7: 
reg__20: 
muxpart: 
logic__165: 
case__8: 
case__64: 
datapath__37: 
reg__6: 
reg__10: 
case__92: 
datapath__8: 
logic__295: 
bit_reverse: 
muxpart__6: 
muxpart__16: 
butterfly_wrapper__parameterized0: 
fp4_mul: 
case__23: 
logic__102: 
muxpart__38: 
datapath__38: 
twiddle_factor_unified: 
datapath__36: 
muxpart__7: 
case__96: 
case__88: 
case__28: 
case__6: 
datapath__9: 
logic__12: 
case__41: 
reg__16: 
reg__18: 
case__94: 
case__13: 
case__107: 
logic__55: 
logic__38: 
case__110: 
logic__34: 
datapath__16: 
logic__279: 
datapath__6: 
datapath__33: 
logic__196: 
datapath__25: 
complex_fp4_to_fp8: 
fp4_add_sub: 
case__10: 
logic__40: 
fp8_butterfly_generation_unit: 
datapath: 
logic__122: 
reg__2: 
fp8_cmul: 
case__47: 
case__17: 
logic__84: 
case__15: 
logic__190: 
case__22: 
logic__171: 
case__111: 
fp8_add_sub: 
fp4_cmul: 
datapath__3: 
logic__126: 
complex_fp8_to_fp4: 
reg__15: 
butterfly_wrapper: 
datapath__24: 
logic__43: 
logic__138: 
case__2: 
case__99: 
case__35: 
logic__106: 
reg__1: 
datapath__29: 
datapath__15: 
extram__1: 
datapath__13: 
logic__23: 
reg__19: 
case__55: 
logic__107: 
logic__208: 
logic__200: 
datapath__31: 
mixed_memory_unified: 
datapath__19: 
muxpart__4: 
case__113: 
case__50: 
case__36: 
butterfly_generation_unit_8add_4mul: 
datapath__21: 
logic__101: 
case: 
case__34: 
logic__228: 
logic__159: 
datapath__34: 
logic__287: 
logic__278: 
logic__113: 
logic__186: 
datapath__11: 
muxpart__17: 
case__19: 
case__25: 
case__33: 
case__12: 
datapath__14: 
fft_1024_sol29_gen14_top: 
muxpart__10: 
logic__72: 
logic__123: 
logic__277: 
datapath__23: 
case__106: 
logic__220: 
case__56: 
muxpart__11: 
logic__282: 
case__89: 
fp8_complex_add_sub: 
logic__71: 
case__112: 
datapath__20: 
counter: 
case__9: 
case__49: 
case__102: 
logic__121: 
logic__16: 
reg__4: 
case__21: 
muxpart__8: 
datapath__2: 
logic__15: 
case__4: 
case__16: 
case__3: 
muxpart__12: 
reg__8: 
case__91: 
datapath__22: 
logic__17: 
case__45: 
datapath__32: 
logic__54: 
case__31: 
case__104: 
case__51: 
datapath__30: 
logic__78: 
fp8_to_fp4_converter: 
reg__14: 
muxpart__15: 
logic__156: 
addsub: 
datapath__4: 
logic__39: 
logic__44: 
extram: 
muxpart__1: 
case__48: 
case__27: 
logic__73: 
datapath__40: 
case__63: 
muxpart__3: 
case__53: 
reg__9: 
logic__22: 
dsp48e1__1: 
case__20: 
logic__182: 
logic__130: 
case__46: 
case__18: 
logic__193: 
logic__189: 
case__95: 
case__37: 
case__87: 
logic__207: 
fp4_complex_add_sub: 
datapath__41: 
datapath__17: 
datapath__39: 
logic__201: 
case__54: 
logic__53: 
logic__290: 
case__29: 
logic__221: 
logic__51: 
