case__99: 
fft_16_sol2_gen1_top: 
fp8_to_fp4_converter: 
case__33: 
logic__283: 
fp8_add_sub: 
datapath__28: 
muxpart__1: 
reg__1: 
logic__218: 
logic__110: 
datapath__34: 
case__34: 
case__14: 
datapath__27: 
muxpart__4: 
case__26: 
case__19: 
logic__99: 
case__31: 
logic__280: 
reg__9: 
logic__176: 
logic__128: 
logic__192: 
muxpart__7: 
case__113: 
case__109: 
dsp48e1: 
datapath__12: 
reg__5: 
logic__53: 
case__25: 
case__104: 
datapath__13: 
case__46: 
logic: 
case__11: 
case__101: 
datapath__20: 
fp4_to_fp8_converter: 
case__91: 
case__90: 
logic__15: 
case__96: 
logic__69: 
logic__43: 
logic__104: 
datapath__5: 
pla: 
case__59: 
logic__165: 
datapath__36: 
logic__278: 
case__7: 
logic__171: 
muxpart__12: 
case__38: 
logic__219: 
logic__156: 
case__48: 
datapath__18: 
case__66: 
case__49: 
reg: 
datapath__8: 
datapath__7: 
reg__14: 
datapath__24: 
case__65: 
muxpart__13: 
muxpart__11: 
datapath__11: 
case__4: 
logic__101: 
case__37: 
datapath__22: 
logic__42: 
datapath__41: 
logic__159: 
datapath__31: 
reg__7: 
twiddle_factor_unified: 
case__27: 
datapath__2: 
case__52: 
case__1: 
case__40: 
butterfly_wrapper: 
logic__80: 
case__116: 
datapath__42: 
muxpart__9: 
reg__6: 
logic__275: 
muxpart__3: 
reg__19: 
case__112: 
muxpart__14: 
reg__20: 
dsp48e1__2: 
datapath__1: 
case__105: 
case__64: 
reg__3: 
muxpart: 
datapath__38: 
case__47: 
logic__12: 
logic__274: 
case__39: 
logic__207: 
logic__164: 
dit_fft_agu_variable: 
case__108: 
case__17: 
reg__17: 
logic__152: 
logic__289: 
datapath__32: 
logic__58: 
case__92: 
case__67: 
case__42: 
logic__17: 
logic__166: 
datapath__3: 
datapath__15: 
logic__81: 
case__29: 
reg__18: 
case__2: 
case__3: 
logic__76: 
case__118: 
logic__163: 
case__57: 
case__54: 
case__12: 
logic__32: 
case__107: 
logic__193: 
case__56: 
case__58: 
logic__186: 
logic__49: 
case__62: 
case__102: 
datapath__4: 
logic__134: 
datapath__26: 
case__115: 
case__36: 
datapath: 
case__21: 
fp8_cmul: 
muxpart__2: 
datapath__35: 
case__30: 
fp4_cmul: 
datapath__17: 
case__61: 
logic__184: 
logic__142: 
complex_fp4_to_fp8: 
datapath__19: 
fp8_complex_add_sub: 
logic__158: 
muxpart__10: 
datapath__9: 
datapath__21: 
case__93: 
logic__21: 
logic__37: 
case__23: 
logic__52: 
logic__36: 
case__111: 
fp8_mul: 
logic__71: 
logic__122: 
case__24: 
fp4_mul: 
case__16: 
case__51: 
logic__38: 
case: 
datapath__29: 
logic__70: 
case__106: 
fp4_complex_add_sub: 
case__53: 
muxpart__6: 
case__6: 
datapath__25: 
case__103: 
fp8_butterfly_generation_unit: 
datapath__30: 
logic__149: 
case__28: 
case__119: 
dsp48e1__3: 
complex_fp8_to_fp4: 
logic__133: 
case__20: 
case__22: 
logic__107: 
case__117: 
reg__8: 
datapath__39: 
bit_reverse: 
datapath__16: 
logic__51: 
case__35: 
logic__11: 
logic__225: 
logic__130: 
logic__119: 
counter: 
logic__27: 
case__13: 
muxpart__5: 
reg__16: 
case__110: 
logic__169: 
butterfly_wrapper__parameterized0: 
case__10: 
logic__118: 
fp4_butterfly_generation_unit: 
case__98: 
reg__10: 
datapath__40: 
logic__82: 
logic__294: 
case__43: 
logic__286: 
case__15: 
logic__25: 
logic__106: 
logic__139: 
reg__11: 
case__45: 
logic__189: 
case__94: 
datapath__43: 
logic__16: 
logic__26: 
logic__127: 
addsub: 
reg__4: 
logic__226: 
reg__2: 
extram: 
case__5: 
mixed_memory_unified: 
logic__100: 
case__95: 
case__55: 
datapath__6: 
case__18: 
case__63: 
case__41: 
logic__41: 
case__8: 
case__97: 
reg__15: 
case__50: 
datapath__10: 
logic__153: 
logic__22: 
dsp48e1__1: 
fft_16_sol2_gen1_core: 
logic__57: 
logic__33: 
logic__271: 
logic__222: 
case__9: 
case__32: 
datapath__37: 
datapath__14: 
datapath__33: 
case__44: 
datapath__23: 
muxpart__8: 
case__114: 
logic__201: 
logic__105: 
logic__279: 
logic__185: 
logic__50: 
extram__1: 
case__60: 
logic__145: 
fp4_add_sub: 
logic__170: 
