case__8: 
case__18: 
case__47: 
fp8_cmul: 
case__5: 
datapath__19: 
logic__119: 
case__38: 
logic__127: 
logic__222: 
datapath__2: 
datapath__25: 
datapath__18: 
logic__164: 
bit_reverse: 
case__75: 
datapath__3: 
reg__3: 
case__102: 
case__98: 
fp8_butterfly_generation_unit: 
logic__36: 
datapath__16: 
logic__82: 
case__31: 
logic__118: 
logic__51: 
logic__50: 
dsp48e1: 
logic__26: 
case__83: 
logic__104: 
logic__133: 
logic__163: 
case__39: 
logic__17: 
logic__42: 
reg__1: 
case__79: 
reg__4: 
logic: 
case__30: 
case__43: 
muxpart__8: 
case__26: 
datapath__26: 
logic__69: 
logic__58: 
datapath__1: 
case__4: 
datapath__6: 
datapath__9: 
pla: 
logic__171: 
case__13: 
case__101: 
case__76: 
fp8_to_fp4_converter: 
logic__139: 
muxpart__4: 
logic__142: 
reg__11: 
reg: 
twiddle_factor_unified: 
logic__71: 
logic__81: 
reg__8: 
datapath__29: 
muxpart__7: 
case__12: 
logic__153: 
logic__101: 
datapath__10: 
logic__227: 
case__52: 
muxpart__10: 
datapath__23: 
reg__10: 
muxpart__9: 
case__87: 
muxpart__11: 
fp8_mul: 
datapath__22: 
case__3: 
muxpart: 
muxpart__5: 
butterfly_wrapper: 
datapath__5: 
logic__16: 
case__35: 
logic__27: 
case__90: 
logic__217: 
case__92: 
datapath__31: 
reg__20: 
datapath__24: 
case__82: 
datapath__27: 
case__15: 
case__97: 
reg__16: 
case__1: 
datapath__4: 
case__94: 
case__19: 
case__49: 
logic__99: 
logic__11: 
logic__12: 
logic__49: 
muxpart__6: 
case__25: 
logic__53: 
reg__19: 
logic__165: 
reg__2: 
case__29: 
dsp48e1__2: 
case__2: 
case__84: 
case__9: 
case__78: 
case__37: 
case__89: 
case__88: 
case__50: 
logic__158: 
mixed_memory_unified: 
case__41: 
logic__106: 
datapath: 
logic__52: 
case__40: 
logic__149: 
case__6: 
case__51: 
case__96: 
reg__15: 
case__22: 
fp8_add_sub: 
logic__43: 
logic__76: 
case__91: 
logic__134: 
datapath__33: 
datapath__30: 
datapath__15: 
muxpart__12: 
logic__57: 
logic__110: 
case__10: 
fft_16_sol1_gen1_top: 
case__81: 
logic__100: 
logic__32: 
fft_16_sol1_gen1_core: 
case__86: 
case__44: 
case__34: 
reg__17: 
reg__9: 
case: 
case__42: 
case__11: 
case__20: 
logic__105: 
logic__152: 
datapath__8: 
logic__230: 
case__95: 
logic__235: 
extram__1: 
logic__122: 
case__46: 
case__14: 
counter: 
case__27: 
logic__15: 
logic__38: 
case__48: 
datapath__13: 
logic__218: 
logic__156: 
dsp48e1__1: 
datapath__7: 
case__28: 
logic__41: 
logic__70: 
case__77: 
case__7: 
logic__168: 
logic__145: 
case__36: 
logic__107: 
logic__159: 
dit_fft_agu_variable: 
reg__14: 
datapath__20: 
logic__130: 
logic__22: 
logic__37: 
reg__7: 
case__93: 
datapath__21: 
muxpart__1: 
reg__18: 
case__16: 
logic__33: 
case__32: 
addsub: 
extram: 
datapath__32: 
case__24: 
reg__6: 
case__23: 
case__99: 
muxpart__3: 
case__45: 
case__100: 
datapath__17: 
logic__128: 
logic__219: 
case__33: 
datapath__12: 
logic__80: 
muxpart__2: 
logic__172: 
complex_fp4_to_fp8: 
reg__5: 
datapath__14: 
fp8_complex_add_sub: 
datapath__28: 
datapath__11: 
fp4_to_fp8_converter: 
logic__25: 
complex_fp8_to_fp4: 
case__17: 
case__21: 
logic__21: 
case__80: 
